npx hardhat run .\scripts\1_v1_1_deploy_rFNX.ts --network blastMainnet
Start deploy rFNX contract...
deployer: 0x4867664BaAFE5926B3cA338e96c88fB5a5FeAb30
Successful deploy rFNX contract: 0xEDB4f9CB084B0dc4B06EB0c588697a2CCa2E6532
Wait before start veriy, for indexed from explorer
Successfully submitted source code for contract
contracts/core/RFenix.sol:RFenix at 0xEDB4f9CB084B0dc4B06EB0c588697a2CCa2E6532
for verification on the block explorer. Waiting for verification result...

Error with verification proccess

PS E:\aegas\fenix-2> npx hardhat verify 0xEDB4f9CB084B0dc4B06EB0c588697a2CCa2E6532 --network blastMainnet 0x4867664BaAFE5926B3cA338e96c88fB5a5FeAb30 0x99988De25e33A2CAF1B8d0A13fa67558059dd937    
Successfully submitted source code for contract
contracts/core/RFenix.sol:RFenix at 0xEDB4f9CB084B0dc4B06EB0c588697a2CCa2E6532
for verification on the block explorer. Waiting for verification result...

Successfully verified contract RFenix on the block explorer.
https://blastscan.io/address/0xEDB4f9CB084B0dc4B06EB0c588697a2CCa2E6532#code

PS E:\aegas\fenix-2> npx hardhat verify 0xEDB4f9CB084B0dc4B06EB0c588697a2CCa2E6532 --network blastMainnet 0x4867664BaAFE5926B3cA338e96c88fB5a5FeAb30 0x99988De25e33A2CAF1B8d0A13fa67558059dd937    
Successfully submitted source code for contract
contracts/core/RFenix.sol:RFenix at 0xEDB4f9CB084B0dc4B06EB0c588697a2CCa2E6532
for verification on the block explorer. Waiting for verification result...

Successfully verified contract RFenix on the block explorer.
https://blastexplorer.io/address/0xEDB4f9CB084B0dc4B06EB0c588697a2CCa2E6532#code


PS E:\aegas\fenix-2> npx hardhat run .\scripts\2_v1_1_deploy_contracts.ts --network blastMainnet
Start deploy PairFactoryImplementation contract...
deployer: 0x4867664BaAFE5926B3cA338e96c88fB5a5FeAb30
Successful deploy PairFactoryImplementation contract: 0x050faB54aaaEBf0F8DA36ffb69036C59B19a5b7e
Wait before start veriy, for indexed from explorer
Start deploy PairImplementation contract...
deployer: 0x4867664BaAFE5926B3cA338e96c88fB5a5FeAb30
Successful deploy PairImplementation contract: 0x2c3f891c0ca3635B6C5eA303a9cd7f29c7Fcd00E
Wait before start veriy, for indexed from explorer
Start deploy FeesVaultFactoryImplementation contract...
deployer: 0x4867664BaAFE5926B3cA338e96c88fB5a5FeAb30
Successful deploy FeesVaultFactoryImplementation contract: 0x55C66d6b191bBFCEB4b57bd99F5dB2260ef3Cc31
Wait before start veriy, for indexed from explorer
Start deploy FeesVaultImplementation contract...
deployer: 0x4867664BaAFE5926B3cA338e96c88fB5a5FeAb30
Successful deploy FeesVaultImplementation contract: 0xeD685caDAFf29520c27e3965D67AF14F00639A98
Wait before start veriy, for indexed from explorer
Start deploy proxy for PairFactory contract...
deployer: 0x4867664BaAFE5926B3cA338e96c88fB5a5FeAb30
implementation: 0x050faB54aaaEBf0F8DA36ffb69036C59B19a5b7e
proxyAdmin: 0xdD75F0d1ccF1b2E115d87f0177b67c0F0F8429B5
Successful deploy PairFactory contract: 0xa19C51D91891D3DF7C13Ed22a2f89d328A82950f
Start deploy proxy for FeesVaultFactory contract...
deployer: 0x4867664BaAFE5926B3cA338e96c88fB5a5FeAb30
implementation: 0x55C66d6b191bBFCEB4b57bd99F5dB2260ef3Cc31
proxyAdmin: 0xdD75F0d1ccF1b2E115d87f0177b67c0F0F8429B5
Successful deploy FeesVaultFactory contract: 0x25D84140b5a611Fc8b13B0a73b7ac86d30C81edB
Start deploy proxy for Voter contract...
deployer: 0x4867664BaAFE5926B3cA338e96c88fB5a5FeAb30
implementation: 0x015FD12D47241DC6766315fB033b8DE7D043e705
proxyAdmin: 0xdD75F0d1ccF1b2E115d87f0177b67c0F0F8429B5
Successful deploy Voter contract: 0xd7ad4143f32523a6878eD01d7E07e71CeAB22430
Start deploy proxy for GaugeFactoryType contract...
deployer: 0x4867664BaAFE5926B3cA338e96c88fB5a5FeAb30
implementation: 0xAfBA5614db7d3708c61a63B23E53c37217e52f82
proxyAdmin: 0xdD75F0d1ccF1b2E115d87f0177b67c0F0F8429B5
Successful deploy GaugeFactoryType contract: 0x0639ecB0B82D7fb625b9598956EE93e1FC4398cE
Start deploy proxy for GaugeFactoryType2 contract...
deployer: 0x4867664BaAFE5926B3cA338e96c88fB5a5FeAb30
implementation: 0xAfBA5614db7d3708c61a63B23E53c37217e52f82
proxyAdmin: 0xdD75F0d1ccF1b2E115d87f0177b67c0F0F8429B5
Successful deploy GaugeFactoryType2 contract: 0x30d245a690B2E2105bd22Bd475BBa09921D59EAB
Start deploy proxy for GaugeFactoryType3 contract...
deployer: 0x4867664BaAFE5926B3cA338e96c88fB5a5FeAb30
implementation: 0xAfBA5614db7d3708c61a63B23E53c37217e52f82
proxyAdmin: 0xdD75F0d1ccF1b2E115d87f0177b67c0F0F8429B5
Successful deploy GaugeFactoryType3 contract: 0xA57B11E7fF9A13Bb2A367dd507D4BB469a3C426d


PS E:\aegas\fenix-2> npx hardhat run .\scripts\3_v1_1_initialize_pair_and_fees_vault.ts --network blastMainnet
PS E:\aegas\fenix-2> npx hardhat run .\scripts\4_v1_1_initialize_voter.ts --network blastMainnet              
Try initialize GaugeFactory
Try initialize Vote


npx hardhat run .\scripts\6_v1_1_verify_all.ts --network blastMainnet      
Successfully submitted source code for contract
contracts/fees/FeesVaultUpgradeable.sol:FeesVaultUpgradeable at 0xeD685caDAFf29520c27e3965D67AF14F00639A98
for verification on the block explorer. Waiting for verification result...

Successfully verified contract FeesVaultUpgradeable on the block explorer.
https://blastscan.io/address/0xeD685caDAFf29520c27e3965D67AF14F00639A98#code

Successfully submitted source code for contract
contracts/dexV2/Pair.sol:Pair at 0x2c3f891c0ca3635B6C5eA303a9cd7f29c7Fcd00E
for verification on the block explorer. Waiting for verification result...

Successfully verified contract Pair on the block explorer.
https://blastscan.io/address/0x2c3f891c0ca3635B6C5eA303a9cd7f29c7Fcd00E#code

Successfully submitted source code for contract
contracts/dexV2/PairFactoryUpgradeable.sol:PairFactoryUpgradeable at 0x050faB54aaaEBf0F8DA36ffb69036C59B19a5b7e
for verification on the block explorer. Waiting for verification result...

Successfully verified contract PairFactoryUpgradeable on the block explorer.
https://blastscan.io/address/0x050faB54aaaEBf0F8DA36ffb69036C59B19a5b7e#code

HardhatError: HH306: The 'address' parameter of task 'verify:etherscan' expects a value, but none was passed.
    at Environment._resolveArgument (E:\aegas\fenix-2-clear\node_modules\hardhat\src\internal\core\runtime-environment.ts:440:13)
    at Environment._resolveValidTaskArguments (E:\aegas\fenix-2-clear\node_modules\hardhat\src\internal\core\runtime-environment.ts:404:42)
    at Environment.run (E:\aegas\fenix-2-clear\node_modules\hardhat\src\internal\core\runtime-environment.ts:173:40)
    at E:\aegas\fenix-2-clear\node_modules\hardhat\src\internal\core\runtime-environment.ts:317:29
    at SimpleTaskDefinition.action (E:\aegas\fenix-2-clear\node_modules\@nomicfoundation\hardhat-verify\src\index.ts:285:13)
    at Environment._runTaskDefinition (E:\aegas\fenix-2-clear\node_modules\hardhat\src\internal\core\runtime-environment.ts:358:35)
    at Environment.run (E:\aegas\fenix-2-clear\node_modules\hardhat\src\internal\core\runtime-environment.ts:191:25)
    at main (E:\aegas\fenix-2-clear\scripts\6_v1_1_verify_all.ts:27:13)
    at processTicksAndRejections (node:internal/process/task_queues:95:5)


npx hardhat run .\scripts\5_v1_1_deploy_router_v2.ts --network blastMainnet
Start deploy RouterV2 contract...
deployer: 0x4867664BaAFE5926B3cA338e96c88fB5a5FeAb30
Successful deploy RouterV2 contract: 0x0998bEc51D95EAa75Ffdf465D5deD16aEd2ba2fe
Wait before start veriy, for indexed from explorer
The contract 0x0998bEc51D95EAa75Ffdf465D5deD16aEd2ba2fe has already been verified on Etherscan.
https://blastscan.io/address/0x0998bEc51D95EAa75Ffdf465D5deD16aEd2ba2fe#code


npx hardhat run .\scripts\7_v1_1_blast_configuration.ts --network blastMainnet
Check setuped governor address for MinterImplementation - 0x014e818AA9C222F9D8e1c2EF6A7da2f6D6bd10b3
-- Governor - 0x0000000000000000000000000000000000000000
-- Deployer - 0x4867664BaAFE5926B3cA338e96c88fB5a5FeAb30
---- skip
Check setuped governor address for VeArtProxyImplementation - 0x3eD36254b340B39c5150fBc97e1d96593Aa38770
-- Governor - 0x0000000000000000000000000000000000000000
-- Deployer - 0x4867664BaAFE5926B3cA338e96c88fB5a5FeAb30
---- skip
Check setuped governor address for VoterImplementation - 0x015FD12D47241DC6766315fB033b8DE7D043e705
-- Governor - 0x0000000000000000000000000000000000000000
-- Deployer - 0x4867664BaAFE5926B3cA338e96c88fB5a5FeAb30
---- skip
Check setuped governor address for VotingEscrowImplementation - 0x77B485433DB4cf314929A36DC3c3601c579091B6
-- Governor - 0x0000000000000000000000000000000000000000
-- Deployer - 0x4867664BaAFE5926B3cA338e96c88fB5a5FeAb30
---- skip
Check setuped governor address for VeFnxDistributorImplementation - 0x3c772ee7Ab45BD106f6af53DE20548df58C3829d
-- Governor - 0x0000000000000000000000000000000000000000
-- Deployer - 0x4867664BaAFE5926B3cA338e96c88fB5a5FeAb30
---- skip
Check setuped governor address for BribeFactoryImplementation - 0xA2E5cd7D56d4e97614c6e0fBB708a8ecaA7437e3
-- Governor - 0x0000000000000000000000000000000000000000
-- Deployer - 0x4867664BaAFE5926B3cA338e96c88fB5a5FeAb30
---- skip
Check setuped governor address for BribeImplementation - 0xBB3A43D792cDCB3d810c0e500c21bD958686B90b
-- Governor - 0x0000000000000000000000000000000000000000
-- Deployer - 0x4867664BaAFE5926B3cA338e96c88fB5a5FeAb30
---- skip
Check setuped governor address for GaugeFactoryImplementation - 0xAfBA5614db7d3708c61a63B23E53c37217e52f82
-- Governor - 0x0000000000000000000000000000000000000000
-- Deployer - 0x4867664BaAFE5926B3cA338e96c88fB5a5FeAb30
---- skip
Check setuped governor address for GaugeImplementation - 0x5f95aF3EE7cA36Eea7D34dEe30F3CaCbBCe7D657
-- Governor - 0x0000000000000000000000000000000000000000
-- Deployer - 0x4867664BaAFE5926B3cA338e96c88fB5a5FeAb30
---- skip
Check setuped governor address for ProxyAdmin - 0xdD75F0d1ccF1b2E115d87f0177b67c0F0F8429B5
-- Governor - 0x0000000000000000000000000000000000000000
-- Deployer - 0x4867664BaAFE5926B3cA338e96c88fB5a5FeAb30
---- skip
Check setuped governor address for Minter - 0xa4FF6fe53212e8da028e0a34819006A26615D9f8
-- Governor - 0x4867664BaAFE5926B3cA338e96c88fB5a5FeAb30
-- Deployer - 0x4867664BaAFE5926B3cA338e96c88fB5a5FeAb30
---- the deployer is an authorized address set claimable gas
--- seted params
gas: 57493152000,14607000,1712005979,1, yield: 2
Check setuped governor address for VeArtProxy - 0xdc24C85A65580fF0d6c9178534e98ac4C8eCE8f8
-- Governor - 0x0000000000000000000000000000000000000000
-- Deployer - 0x4867664BaAFE5926B3cA338e96c88fB5a5FeAb30
---- skip
Check setuped governor address for VotingEscrow - 0x99988De25e33A2CAF1B8d0A13fa67558059dd937
-- Governor - 0x4867664BaAFE5926B3cA338e96c88fB5a5FeAb30
-- Deployer - 0x4867664BaAFE5926B3cA338e96c88fB5a5FeAb30
---- the deployer is an authorized address set claimable gas
--- seted params
gas: 8320218271728850,6905291575,1712005983,1, yield: 2
Check setuped governor address for VeFnxDistributor - 0x4F5BdBc19025bBa0244C764F52CC064AbC76eC96
-- Governor - 0x4867664BaAFE5926B3cA338e96c88fB5a5FeAb30
-- Deployer - 0x4867664BaAFE5926B3cA338e96c88fB5a5FeAb30
---- the deployer is an authorized address set claimable gas
--- seted params
gas: 0,0,1712005991,1, yield: 2
Check setuped governor address for BribeFactory - 0x0136d0b6E3a3fA7fabCb809fc1697a89D451f97f
-- Governor - 0x4867664BaAFE5926B3cA338e96c88fB5a5FeAb30
-- Deployer - 0x4867664BaAFE5926B3cA338e96c88fB5a5FeAb30
---- the deployer is an authorized address set claimable gas
--- seted params
gas: 63171048000,16017000,1712005995,1, yield: 2
Check setuped governor address for Fenix - 0x52f847356b38720B55ee18Cb3e094ca11C85A192
-- Governor - 0x4867664BaAFE5926B3cA338e96c88fB5a5FeAb30
-- Deployer - 0x4867664BaAFE5926B3cA338e96c88fB5a5FeAb30
---- the deployer is an authorized address set claimable gas
--- seted params
gas: 10905315336000,7317000,1712005999,1, yield: 2
Check setuped governor address for MerklGaugeMiddleman - 0x0145C48FC4c0BB3034f332B3171124d607D6Bd2C
-- Governor - 0x4867664BaAFE5926B3cA338e96c88fB5a5FeAb30
-- Deployer - 0x4867664BaAFE5926B3cA338e96c88fB5a5FeAb30
---- the deployer is an authorized address set claimable gas
--- seted params
gas: 0,0,1712006003,1, yield: 2
Check setuped governor address for rFNX - 0xEDB4f9CB084B0dc4B06EB0c588697a2CCa2E6532
-- Governor - 0x4867664BaAFE5926B3cA338e96c88fB5a5FeAb30
-- Deployer - 0x4867664BaAFE5926B3cA338e96c88fB5a5FeAb30
---- the deployer is an authorized address set claimable gas
--- seted params
gas: 0,0,1712006011,1, yield: 2
Check setuped governor address for PairFactoryImplementation - 0x050faB54aaaEBf0F8DA36ffb69036C59B19a5b7e
-- Governor - 0x0000000000000000000000000000000000000000
-- Deployer - 0x4867664BaAFE5926B3cA338e96c88fB5a5FeAb30
---- skip
Check setuped governor address for PairImplementation - 0x2c3f891c0ca3635B6C5eA303a9cd7f29c7Fcd00E
-- Governor - 0x0000000000000000000000000000000000000000
-- Deployer - 0x4867664BaAFE5926B3cA338e96c88fB5a5FeAb30
---- skip
Check setuped governor address for FeesVaultFactoryImplementation - 0x55C66d6b191bBFCEB4b57bd99F5dB2260ef3Cc31
-- Governor - 0x0000000000000000000000000000000000000000
-- Deployer - 0x4867664BaAFE5926B3cA338e96c88fB5a5FeAb30
---- skip
Check setuped governor address for FeesVaultImplementation - 0xeD685caDAFf29520c27e3965D67AF14F00639A98
-- Governor - 0x0000000000000000000000000000000000000000
-- Deployer - 0x4867664BaAFE5926B3cA338e96c88fB5a5FeAb30
---- skip
Check setuped governor address for PairFactory - 0xa19C51D91891D3DF7C13Ed22a2f89d328A82950f
-- Governor - 0x4867664BaAFE5926B3cA338e96c88fB5a5FeAb30
-- Deployer - 0x4867664BaAFE5926B3cA338e96c88fB5a5FeAb30
---- the deployer is an authorized address set claimable gas
--- seted params
gas: 0,0,1712006015,1, yield: 2
Check setuped governor address for FeesVaultFactory - 0x25D84140b5a611Fc8b13B0a73b7ac86d30C81edB
-- Governor - 0x4867664BaAFE5926B3cA338e96c88fB5a5FeAb30
-- Deployer - 0x4867664BaAFE5926B3cA338e96c88fB5a5FeAb30
---- the deployer is an authorized address set claimable gas
--- seted params
gas: 0,0,1712006019,1, yield: 2
Check setuped governor address for Voter - 0xd7ad4143f32523a6878eD01d7E07e71CeAB22430
-- Governor - 0x4867664BaAFE5926B3cA338e96c88fB5a5FeAb30
-- Deployer - 0x4867664BaAFE5926B3cA338e96c88fB5a5FeAb30
---- the deployer is an authorized address set claimable gas
--- seted params
gas: 0,0,1712006023,1, yield: 2
Check setuped governor address for GaugeFactoryType - 0x0639ecB0B82D7fb625b9598956EE93e1FC4398cE
-- Governor - 0x4867664BaAFE5926B3cA338e96c88fB5a5FeAb30
-- Deployer - 0x4867664BaAFE5926B3cA338e96c88fB5a5FeAb30
---- the deployer is an authorized address set claimable gas
--- seted params
gas: 0,0,1712006027,1, yield: 2
Check setuped governor address for GaugeFactoryType2 - 0x30d245a690B2E2105bd22Bd475BBa09921D59EAB
-- Governor - 0x4867664BaAFE5926B3cA338e96c88fB5a5FeAb30
-- Deployer - 0x4867664BaAFE5926B3cA338e96c88fB5a5FeAb30
---- the deployer is an authorized address set claimable gas
--- seted params
gas: 0,0,1712006031,1, yield: 2
Check setuped governor address for GaugeFactoryType3 - 0xA57B11E7fF9A13Bb2A367dd507D4BB469a3C426d
-- Governor - 0x4867664BaAFE5926B3cA338e96c88fB5a5FeAb30
-- Deployer - 0x4867664BaAFE5926B3cA338e96c88fB5a5FeAb30
---- the deployer is an authorized address set claimable gas
--- seted params
gas: 0,0,1712006037,1, yield: 2
Check setuped governor address for RouterV2 - 0x0998bEc51D95EAa75Ffdf465D5deD16aEd2ba2fe
-- Governor - 0x4867664BaAFE5926B3cA338e96c88fB5a5FeAb30
-- Deployer - 0x4867664BaAFE5926B3cA338e96c88fB5a5FeAb30
---- the deployer is an authorized address set claimable gas
--- seted params
gas: 0,0,1712006045,1, yield: 2



npx hardhat run .\scripts\8_v1_1_set_default_blast_governance.ts --network blastMainnet



 npx hardhat run .\scripts\9_v1_1_update_fees_vault_impl.ts --network blastMainnet
Start deploy FeesVaultFactoryImplementation contract...
deployer: 0x4867664BaAFE5926B3cA338e96c88fB5a5FeAb30
Successful deploy FeesVaultFactoryImplementation contract: 0xAbAD1E34dE64e0C06017A856F94EdEf0913c5D0a
Wait before start veriy, for indexed from explorer
Successfully submitted source code for contract
contracts/fees/FeesVaultFactoryUpgradeable.sol:FeesVaultFactoryUpgradeable at 0xAbAD1E34dE64e0C06017A856F94EdEf0913c5D0a
for verification on the block explorer. Waiting for verification result...

Successfully verified contract FeesVaultFactoryUpgradeable on the block explorer.
https://blastexplorer.io/address/0xAbAD1E34dE64e0C06017A856F94EdEf0913c5D0a#code

PS E:\aegas\fenix-2-clear> npx hardhat verify 0xAbAD1E34dE64e0C06017A856F94EdEf0913c5D0a --network blastMainnet  
Successfully submitted source code for contract
contracts/fees/FeesVaultFactoryUpgradeable.sol:FeesVaultFactoryUpgradeable at 0xAbAD1E34dE64e0C06017A856F94EdEf0913c5D0a
for verification on the block explorer. Waiting for verification result...

Successfully verified contract FeesVaultFactoryUpgradeable on the block explorer.
https://blastscan.io/address/0xAbAD1E34dE64e0C06017A856F94EdEf0913c5D0a#code